// Jest Snapshot v1, https://goo.gl/fbAQLP

exports[`Test GifGridItem component Component GifGridItem should show correctly 1`] = `
<div
  className="card animate__animated animate__fadeIn"
>
  <img
    alt="Title"
    src="https://127.0.0.1:3000"
  />
  <p>
    Title
  </p>
</div>
`;
