// Jest Snapshot v1, https://goo.gl/fbAQLP

exports[`Test GifGrid component Component GifGrid should show correctly 1`] = `
<Fragment>
  <h3
    className="animate__animated animate__fadeIn"
  >
    One punch
  </h3>
  <p
    className="animate__animated flash"
  >
    Loading...
  </p>
  <div
    className="card-grid"
  />
</Fragment>
`;
